>>> Starting Agent Boot Sequence...
[1/6] Checking User Account               [OK]
   ... Running as service user 'analyst' (uid=1000)
[2/6] Verifying Environment Variables     [OK]
   ... All required Envs correct
[3/6] Checking Required Files             [OK]
   ... Verified 'secret.key' with correct key string.
[4/6] Checking Port Availability          [OK]
   ... Port 15034 is available.
[5/6] Verifying Log Permission            [OK]
   ... Log directory is writable: /work/runtime/cpu/before/logs
[6/6] Verifying Mission Environment       [OK]
   ... MEMORY_LIMIT=512MB, CPU_MAX_OCCUPY=100%, MULTI_THREAD_ENABLE=False
------------------------------------------------------------
All Boot Checks Passed!
Agent READY
2026-09-05 15:46:40,582 [INFO] [SafetyGuard] Process priority lowered (nice=10).
2026-09-05 15:46:40,582 [INFO] Agent listening at port 15034

==================================================
 [ Agent Initiate ] Resource Check 
==================================================
 [ MEMORY ] Limit: 512MB 		[ OK ]
 [ CPU    ] Limit: 100%  		[ WARNING: Recommend Under 50% ]
 [ THREAD ] Concurrency: False 		[ OK ]
--------------------------------------------------
 >>> SYSTEM STATUS: STABLE. STARTING WORKLOAD MONITORING...
==================================================

2026-09-05 15:46:42,592 [INFO] [CpuWorker] Started. Maximum CPU Limit: 100%
2026-09-05 15:46:42,593 [INFO] [CpuWorker] Current Load: 5.00%
2026-09-05 15:46:45,713 [INFO] [CpuWorker] Current Load: 8.91%
2026-09-05 15:46:48,831 [INFO] [CpuWorker] Current Load: 10.61%
2026-09-05 15:46:51,950 [INFO] [CpuWorker] Current Load: 13.87%
2026-09-05 15:46:55,068 [INFO] [CpuWorker] Current Load: 17.45%
2026-09-05 15:46:58,187 [INFO] [CpuWorker] Current Load: 19.20%
2026-09-05 15:47:01,305 [INFO] [CpuWorker] Current Load: 20.79%
2026-09-05 15:47:04,424 [INFO] [CpuWorker] Current Load: 30.34%
2026-09-05 15:47:07,542 [INFO] [CpuWorker] Current Load: 32.07%
2026-09-05 15:47:10,661 [INFO] [CpuWorker] Current Load: 38.98%
2026-09-05 15:47:13,781 [INFO] [CpuWorker] Current Load: 45.80%
2026-09-05 15:47:16,902 [INFO] [CpuWorker] Current Load: 45.84%
2026-09-05 15:47:20,021 [INFO] [CpuWorker] Current Load: 53.83%
2026-09-05 15:47:20,123 [CRITICAL] [CpuWorker] CPU Threshold Violated! (53.830000000000005%).
