>>> Starting Agent Boot Sequence...
[1/6] Checking User Account               [OK]
   ... Running as service user 'analyst' (uid=1000)
[2/6] Verifying Environment Variables     [OK]
   ... All required Envs correct
[3/6] Checking Required Files             [OK]
   ... Verified 'secret.key' with correct key string.
[4/6] Checking Port Availability          [OK]
   ... Port 15034 is available.
[5/6] Verifying Log Permission            [OK]
   ... Log directory is writable: /work/runtime/cpu/after/logs
[6/6] Verifying Mission Environment       [OK]
   ... MEMORY_LIMIT=512MB, CPU_MAX_OCCUPY=40%, MULTI_THREAD_ENABLE=False
------------------------------------------------------------
All Boot Checks Passed!
Agent READY
2026-09-05 15:49:42,973 [INFO] [SafetyGuard] Process priority lowered (nice=10).
2026-09-05 15:49:42,974 [INFO] Agent listening at port 15034

==================================================
 [ Agent Initiate ] Resource Check 
==================================================
 [ MEMORY ] Limit: 512MB 		[ OK ]
 [ CPU    ] Limit: 40%  		[ OK ]
 [ THREAD ] Concurrency: False 		[ OK ]
--------------------------------------------------
 >>> SYSTEM STATUS: STABLE. STARTING WORKLOAD MONITORING...
==================================================

2026-09-05 15:49:44,985 [INFO] >>> Scenario Selected: [Healthy System Monitoring]

>>> [SYSTEM] ALL CONFIGURATIONS OPTIMAL. RUNNING STABILITY TEST... <<<

2026-09-05 15:49:44,986 [INFO] [Scheduler] Task Scheduler Initialized.
2026-09-05 15:49:44,986 [INFO] [Scheduler] Registered Tasks: ['Thread-A', 'Thread-B', 'Thread-C']
2026-09-05 15:49:44,986 [INFO] [Scheduler] Starting task execution...
2026-09-05 15:49:44,987 [INFO] [Thread-A] Task Started. Calculating... (20%)
2026-09-05 15:49:45,038 [INFO] [Thread-A] Calculating... (40%)
2026-09-05 15:49:45,090 [INFO] [Thread-A] Calculating... (60%)
2026-09-05 15:49:45,142 [INFO] [Thread-A] Calculating... (80%)
2026-09-05 15:49:45,194 [INFO] [Thread-A] Task Completed. (100%)
2026-09-05 15:49:45,245 [INFO] [Thread-B] Task Started. Calculating... (20%)
2026-09-05 15:49:45,296 [INFO] [Thread-B] Calculating... (40%)
2026-09-05 15:49:45,348 [INFO] [Thread-B] Calculating... (60%)
2026-09-05 15:49:45,400 [INFO] [Thread-B] Calculating... (80%)
2026-09-05 15:49:45,451 [INFO] [Thread-B] Task Completed. (100%)
2026-09-05 15:49:45,502 [INFO] [Thread-C] Task Started. Calculating... (20%)
2026-09-05 15:49:45,554 [INFO] [Thread-C] Calculating... (40%)
2026-09-05 15:49:45,605 [INFO] [Thread-C] Calculating... (60%)
2026-09-05 15:49:45,657 [INFO] [Thread-C] Calculating... (80%)
2026-09-05 15:49:45,709 [INFO] [Thread-C] Task Completed. (100%)
2026-09-05 15:49:45,760 [INFO] [Scheduler] All tasks completed.
2026-09-05 15:49:45,775 [INFO] [CpuWorker] Started. Maximum CPU Limit: 40%
2026-09-05 15:49:45,775 [INFO] [MemoryWorker] Current Heap: 25MB
2026-09-05 15:49:45,775 [INFO] [CpuWorker] Current Load: 5.00%
2026-09-05 15:49:48,819 [INFO] [MemoryWorker] Current Heap: 50MB
2026-09-05 15:49:48,894 [INFO] [CpuWorker] Current Load: 5.51%
2026-09-05 15:49:51,875 [INFO] [MemoryWorker] Current Heap: 75MB
2026-09-05 15:49:52,014 [INFO] [CpuWorker] Current Load: 10.07%
2026-09-05 15:49:54,930 [INFO] [MemoryWorker] Current Heap: 100MB
2026-09-05 15:49:55,134 [INFO] [CpuWorker] Current Load: 10.25%
2026-09-05 15:49:57,985 [INFO] [MemoryWorker] Current Heap: 125MB
2026-09-05 15:49:58,253 [INFO] [CpuWorker] Current Load: 14.71%
2026-09-05 15:50:01,037 [INFO] [MemoryWorker] Current Heap: 150MB
2026-09-05 15:50:01,372 [INFO] [CpuWorker] Current Load: 19.12%
2026-09-05 15:50:04,092 [INFO] [MemoryWorker] Current Heap: 175MB
2026-09-05 15:50:04,491 [INFO] [CpuWorker] Current Load: 21.27%
2026-09-05 15:50:07,146 [INFO] [MemoryWorker] Current Heap: 200MB
2026-09-05 15:50:07,609 [INFO] [CpuWorker] Current Load: 22.78%
2026-09-05 15:50:10,200 [INFO] [MemoryWorker] Current Heap: 225MB
2026-09-05 15:50:10,727 [INFO] [CpuWorker] Current Load: 31.39%
2026-09-05 15:50:12,842 [INFO] [CpuWorker] Peak reached (40.00%). Starting cooldown...
2026-09-05 15:50:13,253 [INFO] [MemoryWorker] Current Heap: 250MB
2026-09-05 15:50:13,848 [INFO] [CpuWorker] Current Load: 40.00%
2026-09-05 15:50:16,276 [INFO] [MemoryWorker] Current Heap: 275MB
2026-09-05 15:50:16,973 [INFO] [CpuWorker] Current Load: 33.47%
2026-09-05 15:50:19,317 [INFO] [MemoryWorker] Current Heap: 300MB
2026-09-05 15:50:20,092 [INFO] [CpuWorker] Current Load: 27.01%
2026-09-05 15:50:22,371 [INFO] [MemoryWorker] Current Heap: 325MB
2026-09-05 15:50:23,212 [INFO] [CpuWorker] Current Load: 26.97%
2026-09-05 15:50:25,427 [INFO] [MemoryWorker] Current Heap: 350MB
2026-09-05 15:50:26,330 [INFO] [CpuWorker] Current Load: 22.12%
2026-09-05 15:50:28,483 [INFO] [MemoryWorker] Current Heap: 375MB
2026-09-05 15:50:29,453 [INFO] [CpuWorker] Current Load: 22.04%
2026-09-05 15:50:31,543 [INFO] [MemoryWorker] Current Heap: 400MB
2026-09-05 15:50:32,569 [INFO] [CpuWorker] Current Load: 13.96%
2026-09-05 15:50:34,598 [INFO] [MemoryWorker] Current Heap: 425MB
2026-09-05 15:50:35,688 [INFO] [CpuWorker] Current Load: 9.75%
2026-09-05 15:50:37,654 [INFO] [MemoryWorker] Current Heap: 450MB
2026-09-05 15:50:37,801 [INFO] [CpuWorker] Cooldown complete (5.00%). Resuming load increase...
2026-09-05 15:50:38,807 [INFO] [CpuWorker] Current Load: 5.00%
2026-09-05 15:50:40,714 [INFO] [MemoryWorker] Current Heap: 475MB
2026-09-05 15:50:41,928 [INFO] [CpuWorker] Current Load: 5.30%
2026-09-05 15:50:43,768 [INFO] [MemoryWorker] Current Heap: 500MB
2026-09-05 15:50:45,046 [INFO] [CpuWorker] Current Load: 5.37%
2026-09-05 15:50:46,821 [INFO] [MemoryWorker] Current Heap: 525MB
2026-09-05 15:50:46,822 [WARNING] [MemoryWorker] Memory Usage Reached Limit (525MB). Starting cleanup...
2026-09-05 15:50:46,831 [INFO] [System] Memory Cache Flushed. Process Stabilized.

>>> [SYSTEM] MEMORY RECOVERED (Cache Cleared) <<<

2026-09-05 15:50:48,163 [INFO] [CpuWorker] Current Load: 6.98%
2026-09-05 15:50:51,281 [INFO] [CpuWorker] Current Load: 10.48%
2026-09-05 15:50:51,861 [INFO] [MemoryWorker] Current Heap: 25MB
2026-09-05 15:50:54,399 [INFO] [CpuWorker] Current Load: 11.64%
2026-09-05 15:50:54,880 [INFO] [MemoryWorker] Current Heap: 50MB
2026-09-05 15:50:57,516 [INFO] [CpuWorker] Current Load: 17.00%
2026-09-05 15:50:57,902 [INFO] [MemoryWorker] Current Heap: 75MB
