>>> Starting Agent Boot Sequence...
[1/6] Checking User Account               [OK]
   ... Running as service user 'analyst' (uid=1000)
[2/6] Verifying Environment Variables     [OK]
   ... All required Envs correct
[3/6] Checking Required Files             [OK]
   ... Verified 'secret.key' with correct key string.
[4/6] Checking Port Availability          [OK]
   ... Port 15034 is available.
[5/6] Verifying Log Permission            [OK]
   ... Log directory is writable: /work/runtime/cpu/before-02/logs
[6/6] Verifying Mission Environment       [OK]
   ... MEMORY_LIMIT=512MB, CPU_MAX_OCCUPY=100%, MULTI_THREAD_ENABLE=False
------------------------------------------------------------
All Boot Checks Passed!
Agent READY
2026-09-05 15:49:12,377 [INFO] [SafetyGuard] Process priority lowered (nice=10).
2026-09-05 15:49:12,377 [INFO] Agent listening at port 15034

==================================================
 [ Agent Initiate ] Resource Check 
==================================================
 [ MEMORY ] Limit: 512MB 		[ OK ]
 [ CPU    ] Limit: 100%  		[ WARNING: Recommend Under 50% ]
 [ THREAD ] Concurrency: False 		[ OK ]
--------------------------------------------------
 >>> SYSTEM STATUS: STABLE. STARTING WORKLOAD MONITORING...
==================================================

2026-09-05 15:49:14,388 [INFO] [CpuWorker] Started. Maximum CPU Limit: 100%
2026-09-05 15:49:14,389 [INFO] [CpuWorker] Current Load: 5.00%
2026-09-05 15:49:17,507 [INFO] [CpuWorker] Current Load: 13.14%
2026-09-05 15:49:20,625 [INFO] [CpuWorker] Current Load: 20.16%
2026-09-05 15:49:23,734 [INFO] [CpuWorker] Current Load: 23.45%
2026-09-05 15:49:26,853 [INFO] [CpuWorker] Current Load: 28.81%
2026-09-05 15:49:29,966 [INFO] [CpuWorker] Current Load: 38.53%
2026-09-05 15:49:33,086 [INFO] [CpuWorker] Current Load: 39.67%
2026-09-05 15:49:36,206 [INFO] [CpuWorker] Current Load: 40.03%
2026-09-05 15:49:39,324 [INFO] [CpuWorker] Current Load: 48.91%
2026-09-05 15:49:42,442 [INFO] [CpuWorker] Current Load: 52.69%
2026-09-05 15:49:42,544 [CRITICAL] [CpuWorker] CPU Threshold Violated! (52.690000000000005%).

>>> [SYSTEM] WATCHDOG: INITIATING EMERGENCY ABORT (SIGTERM) <<<

